{"timestamp":"2026-10-05T18:11:54.793325Z","level":"info","event":"::group::Pre Execute","logger":"task","filename":"task_runner.py","lineno":2412}
{"timestamp":"2026-10-05T18:11:54.847483Z","level":"info","event":"DAG bundles loaded: dags-folder","run_id":"manual__2026-10-05T18:11:53.607504+00:00","dag_id":"python_sample_dag","ti_id":"01a10d43-dcba-7a93-9b42-be5018a055c1","map_index":-1,"try_number":1,"task_id":"task1_import","logger":"airflow.dag_processing.bundles.manager.DagBundlesManager","filename":"manager.py","lineno":304}
{"timestamp":"2026-10-05T18:11:54.849010Z","level":"info","event":"Filling up the DagBag from /opt/airflow/dags/python_op.py","run_id":"manual__2026-10-05T18:11:53.607504+00:00","dag_id":"python_sample_dag","ti_id":"01a10d43-dcba-7a93-9b42-be5018a055c1","map_index":-1,"try_number":1,"task_id":"task1_import","logger":"airflow.dag_processing.dagbag.BundleDagBag","filename":"dagbag.py","lineno":460}
{"timestamp":"2026-10-05T18:11:55.119638Z","level":"info","event":"Worker startup parse complete","bundle_name":"dags-folder","bundle_version":null,"dag_file":"python_op.py","dag_id":"python_sample_dag","bundle_prepare_ms":4,"dag_file_parse_ms":271,"run_id":"manual__2026-10-05T18:11:53.607504+00:00","ti_id":"01a10d43-dcba-7a93-9b42-be5018a055c1","map_index":-1,"try_number":1,"task_id":"task1_import","logger":"task","filename":"task_runner.py","lineno":1073}
{"timestamp":"2026-10-05T18:11:55.183133Z","level":"info","event":"::endgroup::","run_id":"manual__2026-10-05T18:11:53.607504+00:00","dag_id":"python_sample_dag","ti_id":"01a10d43-dcba-7a93-9b42-be5018a055c1","map_index":-1,"try_number":1,"task_id":"task1_import","logger":"task","filename":"task_runner.py","lineno":2232}
{"timestamp":"2026-10-05T18:11:55.916067Z","level":"error","event":"WARNING: Using incubator modules: jdk.incubator.vector","logger":"task.stderr"}
{"timestamp":"2026-10-05T18:11:58.780381Z","level":"error","event":"Using Spark's default log4j profile: org/apache/spark/log4j2-defaults.properties","logger":"task.stderr"}
{"timestamp":"2026-10-05T18:11:58.781253Z","level":"error","event":"Setting default log level to \"WARN\".","logger":"task.stderr"}
{"timestamp":"2026-10-05T18:11:58.781645Z","level":"error","event":"To adjust logging level use sc.setLogLevel(newLevel). For SparkR, use setLogLevel(newLevel).","logger":"task.stderr"}
{"timestamp":"2026-10-05T18:12:01.705125Z","level":"warning","event":"PySpark does not yet fully support pandas >= 3.0.0. Some features may not work correctly. It is recommended to use pandas < 3.0.0 for now.","category":"FutureWarning","filename":"/home/airflow/.local/lib/python3.13/site-packages/pyspark/testing/utils.py","lineno":127,"run_id":"manual__2026-10-05T18:11:53.607504+00:00","dag_id":"python_sample_dag","ti_id":"01a10d43-dcba-7a93-9b42-be5018a055c1","map_index":-1,"try_number":1,"task_id":"task1_import","logger":"py.warnings"}
{"timestamp":"2026-10-05T18:12:02.040668Z","level":"error","event":"26/10/05 18:12:02 WARN NativeCodeLoader: Unable to load native-hadoop library for your platform... using builtin-java classes where applicable","logger":"task.stderr"}
{"timestamp":"2026-10-05T18:12:08.661710Z","level":"error","event":"26/10/05 18:12:08 WARN FileStreamSink: Assume no metadata directory. Error while looking for metadata directory in the path: data/raw/authors.csv.","logger":"task.stderr"}
{"timestamp":"2026-10-05T18:12:08.662169Z","level":"error","event":"java.io.FileNotFoundException: File data/raw/authors.csv does not exist","logger":"task.stderr"}
{"timestamp":"2026-10-05T18:12:08.662391Z","level":"error","event":"\tat org.apache.hadoop.fs.RawLocalFileSystem.deprecatedGetFileStatus(RawLocalFileSystem.java:980)","logger":"task.stderr"}
{"timestamp":"2026-10-05T18:12:08.662621Z","level":"error","event":"\tat org.apache.hadoop.fs.RawLocalFileSystem.getFileLinkStatusInternal(RawLocalFileSystem.java:1301)","logger":"task.stderr"}
{"timestamp":"2026-10-05T18:12:08.662849Z","level":"error","event":"\tat org.apache.hadoop.fs.RawLocalFileSystem.getFileStatus(RawLocalFileSystem.java:970)","logger":"task.stderr"}
{"timestamp":"2026-10-05T18:12:08.663122Z","level":"error","event":"\tat org.apache.hadoop.fs.FilterFileSystem.getFileStatus(FilterFileSystem.java:462)","logger":"task.stderr"}
{"timestamp":"2026-10-05T18:12:08.663433Z","level":"error","event":"\tat org.apache.spark.sql.execution.streaming.sinks.FileStreamSink$.hasMetadata(FileStreamSink.scala:58)","logger":"task.stderr"}
{"timestamp":"2026-10-05T18:12:08.664050Z","level":"error","event":"\tat org.apache.spark.sql.execution.datasources.DataSource.resolveRelation(DataSource.scala:394)","logger":"task.stderr"}
{"timestamp":"2026-10-05T18:12:08.664582Z","level":"error","event":"\tat org.apache.spark.sql.catalyst.analysis.ResolveDataSource.org$apache$spark$sql$catalyst$analysis$ResolveDataSource$$loadV1BatchSource(ResolveDataSource.scala:210)","logger":"task.stderr"}
{"timestamp":"2026-10-05T18:12:08.664907Z","level":"error","event":"\tat org.apache.spark.sql.catalyst.analysis.ResolveDataSource$$anonfun$apply$1.$anonfun$applyOrElse$2(ResolveDataSource.scala:62)","logger":"task.stderr"}
{"timestamp":"2026-10-05T18:12:08.665184Z","level":"error","event":"\tat scala.Option.getOrElse(Option.scala:201)","logger":"task.stderr"}
{"timestamp":"2026-10-05T18:12:08.665487Z","level":"error","event":"\tat org.apache.spark.sql.catalyst.analysis.ResolveDataSource$$anonfun$apply$1.applyOrElse(ResolveDataSource.scala:62)","logger":"task.stderr"}
{"timestamp":"2026-10-05T18:12:08.665773Z","level":"error","event":"\tat org.apache.spark.sql.catalyst.analysis.ResolveDataSource$$anonfun$apply$1.applyOrElse(ResolveDataSource.scala:46)","logger":"task.stderr"}
{"timestamp":"2026-10-05T18:12:08.666034Z","level":"error","event":"\tat org.apache.spark.sql.catalyst.plans.logical.AnalysisHelper.$anonfun$resolveOperatorsUpWithPruning$3(AnalysisHelper.scala:139)","logger":"task.stderr"}
{"timestamp":"2026-10-05T18:12:08.666322Z","level":"error","event":"\tat org.apache.spark.sql.catalyst.trees.CurrentOrigin$.withOrigin(origin.scala:107)","logger":"task.stderr"}
{"timestamp":"2026-10-05T18:12:08.666592Z","level":"error","event":"\tat org.apache.spark.sql.catalyst.plans.logical.AnalysisHelper.$anonfun$resolveOperatorsUpWithPruning$1(AnalysisHelper.scala:139)","logger":"task.stderr"}
{"timestamp":"2026-10-05T18:12:08.666857Z","level":"error","event":"\tat org.apache.spark.sql.catalyst.plans.logical.AnalysisHelper$.allowInvokingTransformsInAnalyzer(AnalysisHelper.scala:416)","logger":"task.stderr"}
{"timestamp":"2026-10-05T18:12:08.667102Z","level":"error","event":"\tat org.apache.spark.sql.catalyst.plans.logical.AnalysisHelper.resolveOperatorsUpWithPruning(AnalysisHelper.scala:135)","logger":"task.stderr"}
{"timestamp":"2026-10-05T18:12:08.667375Z","level":"error","event":"\tat org.apache.spark.sql.catalyst.plans.logical.AnalysisHelper.resolveOperatorsUpWithPruning$(AnalysisHelper.scala:131)","logger":"task.stderr"}
{"timestamp":"2026-10-05T18:12:08.667620Z","level":"error","event":"\tat org.apache.spark.sql.catalyst.plans.logical.LogicalPlan.resolveOperatorsUpWithPruning(LogicalPlan.scala:37)","logger":"task.stderr"}
{"timestamp":"2026-10-05T18:12:08.667860Z","level":"error","event":"\tat org.apache.spark.sql.catalyst.plans.logical.AnalysisHelper.resolveOperatorsUp(AnalysisHelper.scala:112)","logger":"task.stderr"}
{"timestamp":"2026-10-05T18:12:08.668107Z","level":"error","event":"\tat org.apache.spark.sql.catalyst.plans.logical.AnalysisHelper.resolveOperatorsUp$(AnalysisHelper.scala:111)","logger":"task.stderr"}
{"timestamp":"2026-10-05T18:12:08.668421Z","level":"error","event":"\tat org.apache.spark.sql.catalyst.plans.logical.LogicalPlan.resolveOperatorsUp(LogicalPlan.scala:37)","logger":"task.stderr"}
{"timestamp":"2026-10-05T18:12:08.668698Z","level":"error","event":"\tat org.apache.spark.sql.catalyst.analysis.ResolveDataSource.apply(ResolveDataSource.scala:46)","logger":"task.stderr"}
{"timestamp":"2026-10-05T18:12:08.668972Z","level":"error","event":"\tat org.apache.spark.sql.catalyst.analysis.ResolveDataSource.apply(ResolveDataSource.scala:44)","logger":"task.stderr"}
{"timestamp":"2026-10-05T18:12:08.669240Z","level":"error","event":"\tat org.apache.spark.sql.catalyst.rules.RuleExecutor.$anonfun$execute$2(RuleExecutor.scala:248)","logger":"task.stderr"}
{"timestamp":"2026-10-05T18:12:08.669535Z","level":"error","event":"\tat scala.collection.LinearSeqOps.foldLeft(LinearSeq.scala:183)","logger":"task.stderr"}
{"timestamp":"2026-10-05T18:12:08.669793Z","level":"error","event":"\tat scala.collection.LinearSeqOps.foldLeft$(LinearSeq.scala:179)","logger":"task.stderr"}
{"timestamp":"2026-10-05T18:12:08.670038Z","level":"error","event":"\tat scala.collection.immutable.List.foldLeft(List.scala:79)","logger":"task.stderr"}
{"timestamp":"2026-10-05T18:12:08.670293Z","level":"error","event":"\tat org.apache.spark.sql.catalyst.rules.RuleExecutor.$anonfun$execute$1(RuleExecutor.scala:245)","logger":"task.stderr"}
{"timestamp":"2026-10-05T18:12:08.670534Z","level":"error","event":"\tat org.apache.spark.sql.catalyst.rules.RuleExecutor.$anonfun$execute$1$adapted(RuleExecutor.scala:237)","logger":"task.stderr"}
{"timestamp":"2026-10-05T18:12:08.670781Z","level":"error","event":"\tat scala.collection.immutable.List.foreach(List.scala:323)","logger":"task.stderr"}
{"timestamp":"2026-10-05T18:12:08.671022Z","level":"error","event":"\tat org.apache.spark.sql.catalyst.rules.RuleExecutor.execute(RuleExecutor.scala:237)","logger":"task.stderr"}
{"timestamp":"2026-10-05T18:12:08.671388Z","level":"error","event":"\tat org.apache.spark.sql.catalyst.analysis.Analyzer.super$execute(Analyzer.scala:438)","logger":"task.stderr"}
{"timestamp":"2026-10-05T18:12:08.671795Z","level":"error","event":"\tat org.apache.spark.sql.catalyst.analysis.Analyzer.$anonfun$executeSameContext$1(Analyzer.scala:438)","logger":"task.stderr"}
{"timestamp":"2026-10-05T18:12:08.672172Z","level":"error","event":"\tat org.apache.spark.sql.internal.SQLConf$.withExistingConf(SQLConf.scala:171)","logger":"task.stderr"}
{"timestamp":"2026-10-05T18:12:08.672582Z","level":"error","event":"\tat org.apache.spark.sql.catalyst.analysis.Analyzer.runWithSessionConf(Analyzer.scala:400)","logger":"task.stderr"}
{"timestamp":"2026-10-05T18:12:08.673021Z","level":"error","event":"\tat org.apache.spark.sql.catalyst.analysis.Analyzer.org$apache$spark$sql$catalyst$analysis$Analyzer$$executeSameContext(Analyzer.scala:438)","logger":"task.stderr"}
{"timestamp":"2026-10-05T18:12:08.673367Z","level":"error","event":"\tat org.apache.spark.sql.catalyst.analysis.Analyzer.$anonfun$execute$1(Analyzer.scala:433)","logger":"task.stderr"}
{"timestamp":"2026-10-05T18:12:08.673653Z","level":"error","event":"\tat org.apache.spark.sql.catalyst.analysis.AnalysisContext$.withNewAnalysisContext(Analyzer.scala:276)","logger":"task.stderr"}
{"timestamp":"2026-10-05T18:12:08.673920Z","level":"error","event":"\tat org.apache.spark.sql.catalyst.analysis.Analyzer.execute(Analyzer.scala:433)","logger":"task.stderr"}
{"timestamp":"2026-10-05T18:12:08.674901Z","level":"error","event":"\tat org.apache.spark.sql.catalyst.analysis.Analyzer.execute(Analyzer.scala:336)","logger":"task.stderr"}
{"timestamp":"2026-10-05T18:12:08.675499Z","level":"error","event":"\tat org.apache.spark.sql.catalyst.rules.RuleExecutor.$anonfun$executeAndTrack$1(RuleExecutor.scala:207)","logger":"task.stderr"}
{"timestamp":"2026-10-05T18:12:08.676015Z","level":"error","event":"\tat org.apache.spark.sql.catalyst.QueryPlanningTracker$.withTracker(QueryPlanningTracker.scala:89)","logger":"task.stderr"}
{"timestamp":"2026-10-05T18:12:08.676370Z","level":"error","event":"\tat org.apache.spark.sql.catalyst.rules.RuleExecutor.executeAndTrack(RuleExecutor.scala:207)","logger":"task.stderr"}
{"timestamp":"2026-10-05T18:12:08.676631Z","level":"error","event":"\tat org.apache.spark.sql.catalyst.analysis.resolver.HybridAnalyzer.resolveInFixedPoint(HybridAnalyzer.scala:273)","logger":"task.stderr"}
{"timestamp":"2026-10-05T18:12:08.676950Z","level":"error","event":"\tat org.apache.spark.sql.catalyst.analysis.resolver.HybridAnalyzer.$anonfun$apply$1(HybridAnalyzer.scala:82)","logger":"task.stderr"}
{"timestamp":"2026-10-05T18:12:08.677239Z","level":"error","event":"\tat org.apache.spark.sql.catalyst.analysis.resolver.HybridAnalyzer.withTrackedAnalyzerBridgeState(HybridAnalyzer.scala:117)","logger":"task.stderr"}
{"timestamp":"2026-10-05T18:12:08.677657Z","level":"error","event":"\tat org.apache.spark.sql.catalyst.analysis.resolver.HybridAnalyzer.apply(HybridAnalyzer.scala:75)","logger":"task.stderr"}
{"timestamp":"2026-10-05T18:12:08.678374Z","level":"error","event":"\tat org.apache.spark.sql.catalyst.analysis.Analyzer.runAnalysis$1(Analyzer.scala:368)","logger":"task.stderr"}
{"timestamp":"2026-10-05T18:12:08.678743Z","level":"error","event":"\tat org.apache.spark.sql.catalyst.analysis.Analyzer.$anonfun$executeAndCheck$2(Analyzer.scala:373)","logger":"task.stderr"}
{"timestamp":"2026-10-05T18:12:08.679363Z","level":"error","event":"\tat org.apache.spark.sql.internal.SQLConf$.withExistingConf(SQLConf.scala:171)","logger":"task.stderr"}
{"timestamp":"2026-10-05T18:12:08.680054Z","level":"error","event":"\tat org.apache.spark.sql.catalyst.analysis.Analyzer.runWithSessionConf(Analyzer.scala:400)","logger":"task.stderr"}
{"timestamp":"2026-10-05T18:12:08.681120Z","level":"error","event":"\tat org.apache.spark.sql.catalyst.analysis.Analyzer.$anonfun$executeAndCheck$1(Analyzer.scala:373)","logger":"task.stderr"}
{"timestamp":"2026-10-05T18:12:08.681522Z","level":"error","event":"\tat org.apache.spark.sql.catalyst.plans.logical.AnalysisHelper$.markInAnalyzer(AnalysisHelper.scala:423)","logger":"task.stderr"}
{"timestamp":"2026-10-05T18:12:08.681845Z","level":"error","event":"\tat org.apache.spark.sql.catalyst.analysis.Analyzer.executeAndCheck(Analyzer.scala:373)","logger":"task.stderr"}
{"timestamp":"2026-10-05T18:12:08.682289Z","level":"error","event":"\tat org.apache.spark.sql.execution.QueryExecution.$anonfun$lazyAnalyzed$2(QueryExecution.scala:200)","logger":"task.stderr"}
{"timestamp":"2026-10-05T18:12:08.682628Z","level":"error","event":"\tat org.apache.spark.sql.catalyst.QueryPlanningTracker.measurePhase(QueryPlanningTracker.scala:148)","logger":"task.stderr"}
{"timestamp":"2026-10-05T18:12:08.682904Z","level":"error","event":"\tat org.apache.spark.sql.execution.QueryExecution.$anonfun$executePhase$3(QueryExecution.scala:410)","logger":"task.stderr"}
{"timestamp":"2026-10-05T18:12:08.683157Z","level":"error","event":"\tat org.apache.spark.sql.execution.QueryExecution.withQueryExecutionId(QueryExecution.scala:429)","logger":"task.stderr"}
{"timestamp":"2026-10-05T18:12:08.683458Z","level":"error","event":"\tat org.apache.spark.sql.execution.QueryExecution.$anonfun$executePhase$2(QueryExecution.scala:410)","logger":"task.stderr"}
{"timestamp":"2026-10-05T18:12:08.683715Z","level":"error","event":"\tat org.apache.spark.sql.execution.QueryExecution$.withInternalError(QueryExecution.scala:872)","logger":"task.stderr"}
{"timestamp":"2026-10-05T18:12:08.683971Z","level":"error","event":"\tat org.apache.spark.sql.execution.QueryExecution.$anonfun$executePhase$1(QueryExecution.scala:409)","logger":"task.stderr"}
{"timestamp":"2026-10-05T18:12:08.684421Z","level":"error","event":"\tat org.apache.spark.sql.SparkSession.withActive(SparkSession.scala:810)","logger":"task.stderr"}
{"timestamp":"2026-10-05T18:12:08.684936Z","level":"error","event":"\tat org.apache.spark.sql.execution.QueryExecution.executePhase(QueryExecution.scala:408)","logger":"task.stderr"}
{"timestamp":"2026-10-05T18:12:08.685235Z","level":"error","event":"\tat org.apache.spark.sql.execution.QueryExecution.$anonfun$lazyAnalyzed$1(QueryExecution.scala:200)","logger":"task.stderr"}
{"timestamp":"2026-10-05T18:12:08.685502Z","level":"error","event":"\tat scala.util.Try$.apply(Try.scala:217)","logger":"task.stderr"}
{"timestamp":"2026-10-05T18:12:08.685749Z","level":"error","event":"\tat org.apache.spark.util.Utils$.doTryWithCallerStacktrace(Utils.scala:1407)","logger":"task.stderr"}
{"timestamp":"2026-10-05T18:12:08.686206Z","level":"error","event":"\tat org.apache.spark.util.LazyTry.tryT$lzycompute(LazyTry.scala:46)","logger":"task.stderr"}
{"timestamp":"2026-10-05T18:12:08.686734Z","level":"error","event":"\tat org.apache.spark.util.LazyTry.tryT(LazyTry.scala:46)","logger":"task.stderr"}
{"timestamp":"2026-10-05T18:12:08.687110Z","level":"error","event":"\tat org.apache.spark.util.LazyTry.get(LazyTry.scala:61)","logger":"task.stderr"}
{"timestamp":"2026-10-05T18:12:08.688741Z","level":"error","event":"\tat org.apache.spark.sql.execution.QueryExecution.$anonfun$analyzed$1(QueryExecution.scala:212)","logger":"task.stderr"}
{"timestamp":"2026-10-05T18:12:08.689137Z","level":"error","event":"\tat org.apache.spark.sql.execution.QueryExecution.withAbortTransactionOnFailure(QueryExecution.scala:632)","logger":"task.stderr"}
{"timestamp":"2026-10-05T18:12:08.690390Z","level":"error","event":"\tat org.apache.spark.sql.execution.QueryExecution.analyzed(QueryExecution.scala:212)","logger":"task.stderr"}
{"timestamp":"2026-10-05T18:12:08.691165Z","level":"error","event":"\tat org.apache.spark.sql.execution.QueryExecution.assertAnalyzed(QueryExecution.scala:151)","logger":"task.stderr"}
{"timestamp":"2026-10-05T18:12:08.691982Z","level":"error","event":"\tat org.apache.spark.sql.classic.Dataset$.$anonfun$ofRows$1(Dataset.scala:114)","logger":"task.stderr"}
{"timestamp":"2026-10-05T18:12:08.693080Z","level":"error","event":"\tat org.apache.spark.sql.SparkSession.withActive(SparkSession.scala:810)","logger":"task.stderr"}
{"timestamp":"2026-10-05T18:12:08.694904Z","level":"error","event":"\tat org.apache.spark.sql.classic.Dataset$.ofRows(Dataset.scala:112)","logger":"task.stderr"}
{"timestamp":"2026-10-05T18:12:08.695818Z","level":"error","event":"\tat org.apache.spark.sql.classic.DataFrameReader.load(DataFrameReader.scala:109)","logger":"task.stderr"}
{"timestamp":"2026-10-05T18:12:08.696623Z","level":"error","event":"\tat org.apache.spark.sql.classic.DataFrameReader.load(DataFrameReader.scala:58)","logger":"task.stderr"}
{"timestamp":"2026-10-05T18:12:08.698137Z","level":"error","event":"\tat org.apache.spark.sql.DataFrameReader.csv(DataFrameReader.scala:392)","logger":"task.stderr"}
{"timestamp":"2026-10-05T18:12:08.698549Z","level":"error","event":"\tat org.apache.spark.sql.classic.DataFrameReader.csv(DataFrameReader.scala:259)","logger":"task.stderr"}
{"timestamp":"2026-10-05T18:12:08.698808Z","level":"error","event":"\tat java.base/jdk.internal.reflect.NativeMethodAccessorImpl.invoke0(Native Method)","logger":"task.stderr"}
{"timestamp":"2026-10-05T18:12:08.699045Z","level":"error","event":"\tat java.base/jdk.internal.reflect.NativeMethodAccessorImpl.invoke(NativeMethodAccessorImpl.java:77)","logger":"task.stderr"}
{"timestamp":"2026-10-05T18:12:08.699311Z","level":"error","event":"\tat java.base/jdk.internal.reflect.DelegatingMethodAccessorImpl.invoke(DelegatingMethodAccessorImpl.java:43)","logger":"task.stderr"}
{"timestamp":"2026-10-05T18:12:08.699567Z","level":"error","event":"\tat java.base/java.lang.reflect.Method.invoke(Method.java:569)","logger":"task.stderr"}
{"timestamp":"2026-10-05T18:12:08.699794Z","level":"error","event":"\tat py4j.reflection.MethodInvoker.invoke(MethodInvoker.java:244)","logger":"task.stderr"}
{"timestamp":"2026-10-05T18:12:08.700233Z","level":"error","event":"\tat py4j.reflection.ReflectionEngine.invoke(ReflectionEngine.java:374)","logger":"task.stderr"}
{"timestamp":"2026-10-05T18:12:08.700599Z","level":"error","event":"\tat py4j.Gateway.invoke(Gateway.java:282)","logger":"task.stderr"}
{"timestamp":"2026-10-05T18:12:08.700910Z","level":"error","event":"\tat py4j.commands.AbstractCommand.invokeMethod(AbstractCommand.java:132)","logger":"task.stderr"}
{"timestamp":"2026-10-05T18:12:08.701289Z","level":"error","event":"\tat py4j.commands.CallCommand.execute(CallCommand.java:79)","logger":"task.stderr"}
{"timestamp":"2026-10-05T18:12:08.702120Z","level":"error","event":"\tat py4j.ClientServerConnection.waitForCommands(ClientServerConnection.java:184)","logger":"task.stderr"}
{"timestamp":"2026-10-05T18:12:08.702425Z","level":"error","event":"\tat py4j.ClientServerConnection.run(ClientServerConnection.java:108)","logger":"task.stderr"}
{"timestamp":"2026-10-05T18:12:08.702686Z","level":"error","event":"\tat java.base/java.lang.Thread.run(Thread.java:840)","logger":"task.stderr"}
{"timestamp":"2026-10-05T18:12:08.845013Z","level":"error","event":"Task failed with exception","run_id":"manual__2026-10-05T18:11:53.607504+00:00","dag_id":"python_sample_dag","ti_id":"01a10d43-dcba-7a93-9b42-be5018a055c1","map_index":-1,"try_number":1,"task_id":"task1_import","logger":"task","filename":"task_runner.py","lineno":1676,"error_detail":[{"exc_type":"AnalysisException","exc_value":"[PATH_NOT_FOUND] Path does not exist: file:/opt/airflow/data/raw/authors.csv. SQLSTATE: 42K03","exc_notes":[],"syntax_error":null,"is_cause":false,"frames":[{"filename":"/home/airflow/.local/lib/python3.13/site-packages/airflow/sdk/execution_time/task_runner.py","lineno":1579,"name":"_run_task_and_map_outcome"},{"filename":"/home/airflow/.local/lib/python3.13/site-packages/airflow/sdk/execution_time/task_runner.py","lineno":197,"name":"wrapper"},{"filename":"/home/airflow/.local/lib/python3.13/site-packages/airflow/sdk/execution_time/task_runner.py","lineno":2234,"name":"_execute_task"},{"filename":"/home/airflow/.local/lib/python3.13/site-packages/airflow/sdk/execution_time/task_runner.py","lineno":197,"name":"wrapper"},{"filename":"/home/airflow/.local/lib/python3.13/site-packages/airflow/sdk/execution_time/task_runner.py","lineno":2192,"name":"_run_execute_callable"},{"filename":"/home/airflow/.local/lib/python3.13/site-packages/airflow/sdk/bases/operator.py","lineno":462,"name":"wrapper"},{"filename":"/home/airflow/.local/lib/python3.13/site-packages/airflow/providers/standard/operators/python.py","lineno":231,"name":"execute"},{"filename":"/home/airflow/.local/lib/python3.13/site-packages/airflow/providers/standard/operators/python.py","lineno":254,"name":"execute_callable"},{"filename":"/home/airflow/.local/lib/python3.13/site-packages/airflow/sdk/execution_time/callback_runner.py","lineno":97,"name":"run"},{"filename":"/opt/airflow/dags/python_op.py","lineno":10,"name":"basic_load"},{"filename":"/home/airflow/.local/lib/python3.13/site-packages/pyspark/sql/readwriter.py","lineno":896,"name":"csv"},{"filename":"/home/airflow/.local/lib/python3.13/site-packages/py4j/java_gateway.py","lineno":1362,"name":"__call__"},{"filename":"/home/airflow/.local/lib/python3.13/site-packages/pyspark/errors/exceptions/captured.py","lineno":257,"name":"deco"}],"is_group":false,"exceptions":[]}]}
{"timestamp":"2026-10-05T18:12:08.846887Z","level":"info","event":"::group::Post Execute","run_id":"manual__2026-10-05T18:11:53.607504+00:00","dag_id":"python_sample_dag","ti_id":"01a10d43-dcba-7a93-9b42-be5018a055c1","map_index":-1,"try_number":1,"task_id":"task1_import","logger":"task","filename":"task_runner.py","lineno":1677}
{"timestamp":"2026-10-05T18:12:08.934489Z","level":"info","event":"::endgroup::","run_id":"manual__2026-10-05T18:11:53.607504+00:00","dag_id":"python_sample_dag","ti_id":"01a10d43-dcba-7a93-9b42-be5018a055c1","map_index":-1,"try_number":1,"task_id":"task1_import","logger":"task","filename":"task_runner.py","lineno":2379}
